---
source: src/llm/openai.rs
expression: character.magic
---
{
  "spells": [
    {
      "name": "光亮术",
      "level": 0,
      "castTime": "1 动作",
      "range": "60 尺",
      "hitDc": null,
      "effect": "你将一道聚焦的光照射到一个物体上，使其发出明亮光芒；该法术是戏法，不消耗法术位。"
    },
    {
      "name": "寒冰射线",
      "level": 0,
      "castTime": "1 动作",
      "range": "60 尺",
      "hitDc": 5,
      "effect": "发出一束寒光射向一个生物。进行一次远程法术攻击；命中则造成 1d8 冰霜伤害。"
    },
    {
      "name": "魔法飞弹",
      "level": 1,
      "castTime": "1 动作",
      "range": "120 尺",
      "hitDc": null,
      "effect": "你创造三颗发光的力场飞弹，每颗都自动命中一个你可见的生物。每颗飞弹造成 1d4+1 力场伤害。"
    }
  ],
  "spellSlots": [
    {
      "level": 1,
      "slot": 4,
      "used": 0
    },
    {
      "level": 2,
      "slot": 2,
      "used": 0
    }
  ],
  "abilityType": "CHARISMA",
  "abilityModifier": 3,
  "spellAttack": 5,
  "saveDc": 13
}
