---
source: src/llm/gemini.rs
expression: character.magic
---
{
  "spells": [
    {
      "name": "Light",
      "level": 0,
      "castTime": "1 action",
      "range": "Touch",
      "hitDc": null,
      "effect": "Touch one object that is no larger than 10 feet in any dimension. The object sheds bright light in a 20-foot radius."
    },
    {
      "name": "Magic Missile",
      "level": 1,
      "castTime": "1 action",
      "range": "120 feet",
      "hitDc": null,
      "effect": "You create three glowing darts of magical force. Each dart hits a creature of your choice that you can see within range. A dart deals 1d4 + 1 force damage to its target. The darts all strike simultaneously, and you can make them hit one creature or several."
    },
    {
      "name": "Ray of Frost",
      "level": 0,
      "castTime": "1 action",
      "range": "60 feet",
      "hitDc": 5,
      "effect": "A frigid beam of blue-white light streaks toward a creature within range. Make a ranged spell attack. On a hit, the target takes 1d8 cold damage, and its speed is reduced by 10 feet until the start of your next turn."
    }
  ],
  "spellSlots": [
    {
      "level": 1,
      "slot": 4,
      "used": 0
    },
    {
      "level": 2,
      "slot": 2,
      "used": 0
    }
  ],
  "abilityType": "CHARISMA",
  "abilityModifier": 3,
  "spellAttack": 5,
  "saveDc": 13
}
