---
source: src/llm/gemini.rs
expression: response
---
[
  {
    "dialogue": " 如果我攻击哥布林会发生什么？我拔出剑冲上去。",
    "author_name": "shaomo1",
    "author_character": "Unknown Adventurer - 1483098634601107489",
    "author_discord_id": "1483098634601107489",
    "updated_at": "[timestamp]"
  },
  {
    "dialogue": " 泽阿里尔正在整理装备，而庄芳宜已经走进酒馆开始喝酒。",
    "author_name": "dnd-5",
    "author_character": "Unknown Adventurer - 1483098634601107476",
    "author_discord_id": "1483098634601107476",
    "updated_at": "[timestamp]"
  },
  {
    "dialogue": " 我决定先喝酒",
    "author_name": "anyTHING",
    "author_character": "Unknown Adventurer - 1483098634601107486",
    "author_discord_id": "1483098634601107486",
    "updated_at": "[timestamp]"
  },
  {
    "dialogue": " 喝酒。",
    "author_name": "anyTHING",
    "author_character": "Unknown Adventurer - 1483098634601107486",
    "author_discord_id": "1483098634601107486",
    "updated_at": "[timestamp]"
  }
]
