---
source: src/llm/gemini.rs
expression: character.skills
---
{
  "acrobatics": {
    "prof": false,
    "bonus": 2,
    "modifier": "DEXTERITY",
    "passive": 12
  },
  "animalHandling": {
    "prof": false,
    "bonus": 0,
    "modifier": "WISDOM",
    "passive": 10
  },
  "arcana": {
    "prof": true,
    "bonus": 2,
    "modifier": "INTELLIGENCE",
    "passive": 12
  },
  "athletics": {
    "prof": false,
    "bonus": -1,
    "modifier": "STRENGTH",
    "passive": 9
  },
  "deception": {
    "prof": false,
    "bonus": 3,
    "modifier": "CHARISMA",
    "passive": 13
  },
  "history": {
    "prof": true,
    "bonus": 2,
    "modifier": "INTELLIGENCE",
    "passive": 12
  },
  "insight": {
    "prof": false,
    "bonus": 0,
    "modifier": "WISDOM",
    "passive": 10
  },
  "intimidation": {
    "prof": false,
    "bonus": 3,
    "modifier": "CHARISMA",
    "passive": 13
  },
  "investigation": {
    "prof": true,
    "bonus": 0,
    "modifier": "INTELLIGENCE",
    "passive": 0
  },
  "medicine": {
    "prof": false,
    "bonus": 0,
    "modifier": "WISDOM",
    "passive": 10
  },
  "nature": {
    "prof": false,
    "bonus": 0,
    "modifier": "INTELLIGENCE",
    "passive": 10
  },
  "perception": {
    "prof": true,
    "bonus": 2,
    "modifier": "WISDOM",
    "passive": 12
  },
  "performance": {
    "prof": false,
    "bonus": 3,
    "modifier": "CHARISMA",
    "passive": 13
  },
  "persuasion": {
    "prof": false,
    "bonus": 3,
    "modifier": "CHARISMA",
    "passive": 13
  },
  "religion": {
    "prof": false,
    "bonus": 0,
    "modifier": "INTELLIGENCE",
    "passive": 10
  },
  "sleightOfHand": {
    "prof": false,
    "bonus": 2,
    "modifier": "DEXTERITY",
    "passive": 12
  },
  "stealth": {
    "prof": false,
    "bonus": 2,
    "modifier": "DEXTERITY",
    "passive": 12
  },
  "survival": {
    "prof": false,
    "bonus": 0,
    "modifier": "WISDOM",
    "passive": 10
  }
}
