---
source: src/llm/gemini.rs
expression: character.traits
---
{
  "unlockedFeaturesAndTraits": [
    {
      "name": "精类血统",
      "description": "魅惑豁免有优势且不能被魔法睡眠",
      "duration": null,
      "trigger": null,
      "cooldown": null,
      "usedCharges": null,
      "maxCharges": null
    },
    {
      "name": "黑暗视觉",
      "description": "在微光中视为明亮、黑暗中视为微光，距离 60 尺",
      "duration": null,
      "trigger": null,
      "cooldown": null,
      "usedCharges": null,
      "maxCharges": null
    }
  ],
  "lockedFeaturesAndTraits": [
    {
      "name": "额外攻击",
      "description": "每次攻击动作可攻击两次",
      "duration": null,
      "trigger": null,
      "cooldown": null,
      "usedCharges": null,
      "maxCharges": null,
      "unlockLevel": 5,
      "unlockCondition": "无"
    }
  ]
}
