---
source: src/llm/gemini.rs
expression: character.progression
---
{
  "level": 3,
  "xp": 900,
  "totalHitDice": "3d8",
  "maxHp": 24,
  "proficiencies": {
    "proficiencyBonus": 2,
    "armor": [
      "中甲",
      "轻甲"
    ],
    "weapons": [
      "短弓",
      "长剑"
    ],
    "tools": [
      "盗贼工具"
    ],
    "languages": [
      "精灵语",
      "通用语"
    ]
  }
}
