---
source: src/llm/gemini.rs
expression: character.abilities_block
---
{
  "strength": {
    "base": 10,
    "modifier": 0
  },
  "intelligence": {
    "base": 16,
    "modifier": 3
  },
  "dexterity": {
    "base": 14,
    "modifier": 2
  },
  "constitution": {
    "base": 12,
    "modifier": 1
  },
  "charisma": {
    "base": 8,
    "modifier": -1
  },
  "wisdom": {
    "base": 13,
    "modifier": 1
  }
}
